This is pdfTeX, Version 3.141592653-2.6-1.40.25 (TeX Live 2023/Debian) (preloaded format=pdflatex 2026.4.5)  6 MAY 2026 03:49
entering extended mode
 restricted \write18 enabled.
 %&-line parsing enabled.
**main.tex
(./main.tex
LaTeX2e <2023-11-01> patch level 1
L3 programming layer <2024-01-22>
(/usr/share/texlive/texmf-dist/tex/latex/base/report.cls
Document Class: report 2023/05/17 v1.4n Standard LaTeX document class
(/usr/share/texlive/texmf-dist/tex/latex/base/size12.clo
File: size12.clo 2023/05/17 v1.4n Standard LaTeX file (size option)
)
\c@part=\count187
\c@chapter=\count188
\c@section=\count189
\c@subsection=\count190
\c@subsubsection=\count191
\c@paragraph=\count192
\c@subparagraph=\count193
\c@figure=\count194
\c@table=\count195
\abovecaptionskip=\skip48
\belowcaptionskip=\skip49
\bibindent=\dimen140
)
(/usr/share/texlive/texmf-dist/tex/latex/base/inputenc.sty
Package: inputenc 2021/02/14 v1.3d Input encoding file
\inpenc@prehook=\toks17
\inpenc@posthook=\toks18
)
(/usr/share/texlive/texmf-dist/tex/latex/geometry/geometry.sty
Package: geometry 2020/01/02 v5.9 Page Geometry

(/usr/share/texlive/texmf-dist/tex/latex/graphics/keyval.sty
Package: keyval 2022/05/29 v1.15 key=value parser (DPC)
\KV@toks@=\toks19
)
(/usr/share/texlive/texmf-dist/tex/generic/iftex/ifvtex.sty
Package: ifvtex 2019/10/25 v1.7 ifvtex legacy package. Use iftex instead.

(/usr/share/texlive/texmf-dist/tex/generic/iftex/iftex.sty
Package: iftex 2022/02/03 v1.0f TeX engine tests
))
\Gm@cnth=\count196
\Gm@cntv=\count197
\c@Gm@tempcnt=\count198
\Gm@bindingoffset=\dimen141
\Gm@wd@mp=\dimen142
\Gm@odd@mp=\dimen143
\Gm@even@mp=\dimen144
\Gm@layoutwidth=\dimen145
\Gm@layoutheight=\dimen146
\Gm@layouthoffset=\dimen147
\Gm@layoutvoffset=\dimen148
\Gm@dimlist=\toks20
)
(/usr/share/texlive/texmf-dist/tex/latex/psnfss/times.sty
Package: times 2020/03/25 PSNFSS-v9.3 (SPQR) 
)
(/usr/share/texlive/texmf-dist/tex/latex/graphics/graphicx.sty
Package: graphicx 2021/09/16 v1.2d Enhanced LaTeX Graphics (DPC,SPQR)

(/usr/share/texlive/texmf-dist/tex/latex/graphics/graphics.sty
Package: graphics 2022/03/10 v1.4e Standard LaTeX Graphics (DPC,SPQR)

(/usr/share/texlive/texmf-dist/tex/latex/graphics/trig.sty
Package: trig 2021/08/11 v1.11 sin cos tan (DPC)
)
(/usr/share/texlive/texmf-dist/tex/latex/graphics-cfg/graphics.cfg
File: graphics.cfg 2016/06/04 v1.11 sample graphics configuration
)
Package graphics Info: Driver file: pdftex.def on input line 107.

(/usr/share/texlive/texmf-dist/tex/latex/graphics-def/pdftex.def
File: pdftex.def 2022/09/22 v1.2b Graphics/color driver for pdftex
))
\Gin@req@height=\dimen149
\Gin@req@width=\dimen150
)
(/usr/share/texlive/texmf-dist/tex/latex/float/float.sty
Package: float 2001/11/08 v1.3d Float enhancements (AL)
\c@float@type=\count199
\float@exts=\toks21
\float@box=\box51
\@float@everytoks=\toks22
\@floatcapt=\box52
)
(/usr/share/texlive/texmf-dist/tex/latex/placeins/placeins.sty
Package: placeins 2005/04/18  v 2.2
)
(/usr/share/texlive/texmf-dist/tex/latex/url/url.sty
\Urlmuskip=\muskip16
Package: url 2013/09/16  ver 3.4  Verb mode for urls, etc.
)
(/usr/share/texlive/texmf-dist/tex/latex/booktabs/booktabs.sty
Package: booktabs 2020/01/12 v1.61803398 Publication quality tables
\heavyrulewidth=\dimen151
\lightrulewidth=\dimen152
\cmidrulewidth=\dimen153
\belowrulesep=\dimen154
\belowbottomsep=\dimen155
\aboverulesep=\dimen156
\abovetopsep=\dimen157
\cmidrulesep=\dimen158
\cmidrulekern=\dimen159
\defaultaddspace=\dimen160
\@cmidla=\count266
\@cmidlb=\count267
\@aboverulesep=\dimen161
\@belowrulesep=\dimen162
\@thisruleclass=\count268
\@lastruleclass=\count269
\@thisrulewidth=\dimen163
)
(/usr/share/texlive/texmf-dist/tex/latex/multirow/multirow.sty
Package: multirow 2021/03/15 v2.8 Span multiple rows of a table
\multirow@colwidth=\skip50
\multirow@cntb=\count270
\multirow@dima=\skip51
\bigstrutjot=\dimen164
)
(/usr/share/texlive/texmf-dist/tex/latex/tools/array.sty
Package: array 2023/10/16 v2.5g Tabular extension package (FMi)
\col@sep=\dimen165
\ar@mcellbox=\box53
\extrarowheight=\dimen166
\NC@list=\toks23
\extratabsurround=\skip52
\backup@length=\skip53
\ar@cellbox=\box54
)
(/usr/share/texlive/texmf-dist/tex/latex/tools/longtable.sty
Package: longtable 2023-11-01 v4.19 Multi-page Table package (DPC)
\LTleft=\skip54
\LTright=\skip55
\LTpre=\skip56
\LTpost=\skip57
\LTchunksize=\count271
\LTcapwidth=\dimen167
\LT@head=\box55
\LT@firsthead=\box56
\LT@foot=\box57
\LT@lastfoot=\box58
\LT@gbox=\box59
\LT@cols=\count272
\LT@rows=\count273
\c@LT@tables=\count274
\c@LT@chunks=\count275
\LT@p@ftn=\toks24
)
(/usr/share/texlive/texmf-dist/tex/latex/pgf/frontendlayer/tikz.sty
(/usr/share/texlive/texmf-dist/tex/latex/pgf/basiclayer/pgf.sty
(/usr/share/texlive/texmf-dist/tex/latex/pgf/utilities/pgfrcs.sty
(/usr/share/texlive/texmf-dist/tex/generic/pgf/utilities/pgfutil-common.tex
\pgfutil@everybye=\toks25
\pgfutil@tempdima=\dimen168
\pgfutil@tempdimb=\dimen169
)
(/usr/share/texlive/texmf-dist/tex/generic/pgf/utilities/pgfutil-latex.def
\pgfutil@abb=\box60
)
(/usr/share/texlive/texmf-dist/tex/generic/pgf/utilities/pgfrcs.code.tex
(/usr/share/texlive/texmf-dist/tex/generic/pgf/pgf.revision.tex)
Package: pgfrcs 2023-01-15 v3.1.10 (3.1.10)
))
Package: pgf 2023-01-15 v3.1.10 (3.1.10)

(/usr/share/texlive/texmf-dist/tex/latex/pgf/basiclayer/pgfcore.sty
(/usr/share/texlive/texmf-dist/tex/latex/pgf/systemlayer/pgfsys.sty
(/usr/share/texlive/texmf-dist/tex/generic/pgf/systemlayer/pgfsys.code.tex
Package: pgfsys 2023-01-15 v3.1.10 (3.1.10)

(/usr/share/texlive/texmf-dist/tex/generic/pgf/utilities/pgfkeys.code.tex
\pgfkeys@pathtoks=\toks26
\pgfkeys@temptoks=\toks27

(/usr/share/texlive/texmf-dist/tex/generic/pgf/utilities/pgfkeyslibraryfiltered
.code.tex
\pgfkeys@tmptoks=\toks28
))
\pgf@x=\dimen170
\pgf@y=\dimen171
\pgf@xa=\dimen172
\pgf@ya=\dimen173
\pgf@xb=\dimen174
\pgf@yb=\dimen175
\pgf@xc=\dimen176
\pgf@yc=\dimen177
\pgf@xd=\dimen178
\pgf@yd=\dimen179
\w@pgf@writea=\write3
\r@pgf@reada=\read2
\c@pgf@counta=\count276
\c@pgf@countb=\count277
\c@pgf@countc=\count278
\c@pgf@countd=\count279
\t@pgf@toka=\toks29
\t@pgf@tokb=\toks30
\t@pgf@tokc=\toks31
\pgf@sys@id@count=\count280
 (/usr/share/texlive/texmf-dist/tex/generic/pgf/systemlayer/pgf.cfg
File: pgf.cfg 2023-01-15 v3.1.10 (3.1.10)
)
Driver file for pgf: pgfsys-pdftex.def
(/usr/share/texlive/texmf-dist/tex/generic/pgf/systemlayer/pgfsys-pdftex.def
File: pgfsys-pdftex.def 2023-01-15 v3.1.10 (3.1.10)

(/usr/share/texlive/texmf-dist/tex/generic/pgf/systemlayer/pgfsys-common-pdf.de
f
File: pgfsys-common-pdf.def 2023-01-15 v3.1.10 (3.1.10)
)))
(/usr/share/texlive/texmf-dist/tex/generic/pgf/systemlayer/pgfsyssoftpath.code.
tex
File: pgfsyssoftpath.code.tex 2023-01-15 v3.1.10 (3.1.10)
\pgfsyssoftpath@smallbuffer@items=\count281
\pgfsyssoftpath@bigbuffer@items=\count282
)
(/usr/share/texlive/texmf-dist/tex/generic/pgf/systemlayer/pgfsysprotocol.code.
tex
File: pgfsysprotocol.code.tex 2023-01-15 v3.1.10 (3.1.10)
)) (/usr/share/texlive/texmf-dist/tex/latex/xcolor/xcolor.sty
Package: xcolor 2023/11/15 v3.01 LaTeX color extensions (UK)

(/usr/share/texlive/texmf-dist/tex/latex/graphics-cfg/color.cfg
File: color.cfg 2016/01/02 v1.6 sample color configuration
)
Package xcolor Info: Driver file: pdftex.def on input line 274.

(/usr/share/texlive/texmf-dist/tex/latex/graphics/mathcolor.ltx)
Package xcolor Info: Model `cmy' substituted by `cmy0' on input line 1350.
Package xcolor Info: Model `hsb' substituted by `rgb' on input line 1354.
Package xcolor Info: Model `RGB' extended on input line 1366.
Package xcolor Info: Model `HTML' substituted by `rgb' on input line 1368.
Package xcolor Info: Model `Hsb' substituted by `hsb' on input line 1369.
Package xcolor Info: Model `tHsb' substituted by `hsb' on input line 1370.
Package xcolor Info: Model `HSB' substituted by `hsb' on input line 1371.
Package xcolor Info: Model `Gray' substituted by `gray' on input line 1372.
Package xcolor Info: Model `wave' substituted by `hsb' on input line 1373.
)
(/usr/share/texlive/texmf-dist/tex/generic/pgf/basiclayer/pgfcore.code.tex
Package: pgfcore 2023-01-15 v3.1.10 (3.1.10)

(/usr/share/texlive/texmf-dist/tex/generic/pgf/math/pgfmath.code.tex
(/usr/share/texlive/texmf-dist/tex/generic/pgf/math/pgfmathutil.code.tex)
(/usr/share/texlive/texmf-dist/tex/generic/pgf/math/pgfmathparser.code.tex
\pgfmath@dimen=\dimen180
\pgfmath@count=\count283
\pgfmath@box=\box61
\pgfmath@toks=\toks32
\pgfmath@stack@operand=\toks33
\pgfmath@stack@operation=\toks34
)
(/usr/share/texlive/texmf-dist/tex/generic/pgf/math/pgfmathfunctions.code.tex)
(/usr/share/texlive/texmf-dist/tex/generic/pgf/math/pgfmathfunctions.basic.code
.tex)
(/usr/share/texlive/texmf-dist/tex/generic/pgf/math/pgfmathfunctions.trigonomet
ric.code.tex)
(/usr/share/texlive/texmf-dist/tex/generic/pgf/math/pgfmathfunctions.random.cod
e.tex)
(/usr/share/texlive/texmf-dist/tex/generic/pgf/math/pgfmathfunctions.comparison
.code.tex)
(/usr/share/texlive/texmf-dist/tex/generic/pgf/math/pgfmathfunctions.base.code.
tex)
(/usr/share/texlive/texmf-dist/tex/generic/pgf/math/pgfmathfunctions.round.code
.tex)
(/usr/share/texlive/texmf-dist/tex/generic/pgf/math/pgfmathfunctions.misc.code.
tex)
(/usr/share/texlive/texmf-dist/tex/generic/pgf/math/pgfmathfunctions.integerari
thmetics.code.tex)
(/usr/share/texlive/texmf-dist/tex/generic/pgf/math/pgfmathcalc.code.tex)
(/usr/share/texlive/texmf-dist/tex/generic/pgf/math/pgfmathfloat.code.tex
\c@pgfmathroundto@lastzeros=\count284
))
(/usr/share/texlive/texmf-dist/tex/generic/pgf/math/pgfint.code.tex)
(/usr/share/texlive/texmf-dist/tex/generic/pgf/basiclayer/pgfcorepoints.code.te
x
File: pgfcorepoints.code.tex 2023-01-15 v3.1.10 (3.1.10)
\pgf@picminx=\dimen181
\pgf@picmaxx=\dimen182
\pgf@picminy=\dimen183
\pgf@picmaxy=\dimen184
\pgf@pathminx=\dimen185
\pgf@pathmaxx=\dimen186
\pgf@pathminy=\dimen187
\pgf@pathmaxy=\dimen188
\pgf@xx=\dimen189
\pgf@xy=\dimen190
\pgf@yx=\dimen191
\pgf@yy=\dimen192
\pgf@zx=\dimen193
\pgf@zy=\dimen194
)
(/usr/share/texlive/texmf-dist/tex/generic/pgf/basiclayer/pgfcorepathconstruct.
code.tex
File: pgfcorepathconstruct.code.tex 2023-01-15 v3.1.10 (3.1.10)
\pgf@path@lastx=\dimen195
\pgf@path@lasty=\dimen196
)
(/usr/share/texlive/texmf-dist/tex/generic/pgf/basiclayer/pgfcorepathusage.code
.tex
File: pgfcorepathusage.code.tex 2023-01-15 v3.1.10 (3.1.10)
\pgf@shorten@end@additional=\dimen197
\pgf@shorten@start@additional=\dimen198
)
(/usr/share/texlive/texmf-dist/tex/generic/pgf/basiclayer/pgfcorescopes.code.te
x
File: pgfcorescopes.code.tex 2023-01-15 v3.1.10 (3.1.10)
\pgfpic=\box62
\pgf@hbox=\box63
\pgf@layerbox@main=\box64
\pgf@picture@serial@count=\count285
)
(/usr/share/texlive/texmf-dist/tex/generic/pgf/basiclayer/pgfcoregraphicstate.c
ode.tex
File: pgfcoregraphicstate.code.tex 2023-01-15 v3.1.10 (3.1.10)
\pgflinewidth=\dimen199
)
(/usr/share/texlive/texmf-dist/tex/generic/pgf/basiclayer/pgfcoretransformation
s.code.tex
File: pgfcoretransformations.code.tex 2023-01-15 v3.1.10 (3.1.10)
\pgf@pt@x=\dimen256
\pgf@pt@y=\dimen257
\pgf@pt@temp=\dimen258
)
(/usr/share/texlive/texmf-dist/tex/generic/pgf/basiclayer/pgfcorequick.code.tex
File: pgfcorequick.code.tex 2023-01-15 v3.1.10 (3.1.10)
)
(/usr/share/texlive/texmf-dist/tex/generic/pgf/basiclayer/pgfcoreobjects.code.t
ex
File: pgfcoreobjects.code.tex 2023-01-15 v3.1.10 (3.1.10)
)
(/usr/share/texlive/texmf-dist/tex/generic/pgf/basiclayer/pgfcorepathprocessing
.code.tex
File: pgfcorepathprocessing.code.tex 2023-01-15 v3.1.10 (3.1.10)
)
(/usr/share/texlive/texmf-dist/tex/generic/pgf/basiclayer/pgfcorearrows.code.te
x
File: pgfcorearrows.code.tex 2023-01-15 v3.1.10 (3.1.10)
\pgfarrowsep=\dimen259
)
(/usr/share/texlive/texmf-dist/tex/generic/pgf/basiclayer/pgfcoreshade.code.tex
File: pgfcoreshade.code.tex 2023-01-15 v3.1.10 (3.1.10)
\pgf@max=\dimen260
\pgf@sys@shading@range@num=\count286
\pgf@shadingcount=\count287
)
(/usr/share/texlive/texmf-dist/tex/generic/pgf/basiclayer/pgfcoreimage.code.tex
File: pgfcoreimage.code.tex 2023-01-15 v3.1.10 (3.1.10)
)
(/usr/share/texlive/texmf-dist/tex/generic/pgf/basiclayer/pgfcoreexternal.code.
tex
File: pgfcoreexternal.code.tex 2023-01-15 v3.1.10 (3.1.10)
\pgfexternal@startupbox=\box65
)
(/usr/share/texlive/texmf-dist/tex/generic/pgf/basiclayer/pgfcorelayers.code.te
x
File: pgfcorelayers.code.tex 2023-01-15 v3.1.10 (3.1.10)
)
(/usr/share/texlive/texmf-dist/tex/generic/pgf/basiclayer/pgfcoretransparency.c
ode.tex
File: pgfcoretransparency.code.tex 2023-01-15 v3.1.10 (3.1.10)
)
(/usr/share/texlive/texmf-dist/tex/generic/pgf/basiclayer/pgfcorepatterns.code.
tex
File: pgfcorepatterns.code.tex 2023-01-15 v3.1.10 (3.1.10)
)
(/usr/share/texlive/texmf-dist/tex/generic/pgf/basiclayer/pgfcorerdf.code.tex
File: pgfcorerdf.code.tex 2023-01-15 v3.1.10 (3.1.10)
)))
(/usr/share/texlive/texmf-dist/tex/generic/pgf/modules/pgfmoduleshapes.code.tex
File: pgfmoduleshapes.code.tex 2023-01-15 v3.1.10 (3.1.10)
\pgfnodeparttextbox=\box66
) (/usr/share/texlive/texmf-dist/tex/generic/pgf/modules/pgfmoduleplot.code.tex
File: pgfmoduleplot.code.tex 2023-01-15 v3.1.10 (3.1.10)
)
(/usr/share/texlive/texmf-dist/tex/latex/pgf/compatibility/pgfcomp-version-0-65
.sty
Package: pgfcomp-version-0-65 2023-01-15 v3.1.10 (3.1.10)
\pgf@nodesepstart=\dimen261
\pgf@nodesepend=\dimen262
)
(/usr/share/texlive/texmf-dist/tex/latex/pgf/compatibility/pgfcomp-version-1-18
.sty
Package: pgfcomp-version-1-18 2023-01-15 v3.1.10 (3.1.10)
)) (/usr/share/texlive/texmf-dist/tex/latex/pgf/utilities/pgffor.sty
(/usr/share/texlive/texmf-dist/tex/latex/pgf/utilities/pgfkeys.sty
(/usr/share/texlive/texmf-dist/tex/generic/pgf/utilities/pgfkeys.code.tex))
(/usr/share/texlive/texmf-dist/tex/latex/pgf/math/pgfmath.sty
(/usr/share/texlive/texmf-dist/tex/generic/pgf/math/pgfmath.code.tex))
(/usr/share/texlive/texmf-dist/tex/generic/pgf/utilities/pgffor.code.tex
Package: pgffor 2023-01-15 v3.1.10 (3.1.10)
\pgffor@iter=\dimen263
\pgffor@skip=\dimen264
\pgffor@stack=\toks35
\pgffor@toks=\toks36
))
(/usr/share/texlive/texmf-dist/tex/generic/pgf/frontendlayer/tikz/tikz.code.tex
Package: tikz 2023-01-15 v3.1.10 (3.1.10)

(/usr/share/texlive/texmf-dist/tex/generic/pgf/libraries/pgflibraryplothandlers
.code.tex
File: pgflibraryplothandlers.code.tex 2023-01-15 v3.1.10 (3.1.10)
\pgf@plot@mark@count=\count288
\pgfplotmarksize=\dimen265
)
\tikz@lastx=\dimen266
\tikz@lasty=\dimen267
\tikz@lastxsaved=\dimen268
\tikz@lastysaved=\dimen269
\tikz@lastmovetox=\dimen270
\tikz@lastmovetoy=\dimen271
\tikzleveldistance=\dimen272
\tikzsiblingdistance=\dimen273
\tikz@figbox=\box67
\tikz@figbox@bg=\box68
\tikz@tempbox=\box69
\tikz@tempbox@bg=\box70
\tikztreelevel=\count289
\tikznumberofchildren=\count290
\tikznumberofcurrentchild=\count291
\tikz@fig@count=\count292

(/usr/share/texlive/texmf-dist/tex/generic/pgf/modules/pgfmodulematrix.code.tex
File: pgfmodulematrix.code.tex 2023-01-15 v3.1.10 (3.1.10)
\pgfmatrixcurrentrow=\count293
\pgfmatrixcurrentcolumn=\count294
\pgf@matrix@numberofcolumns=\count295
)
\tikz@expandcount=\count296

(/usr/share/texlive/texmf-dist/tex/generic/pgf/frontendlayer/tikz/libraries/tik
zlibrarytopaths.code.tex
File: tikzlibrarytopaths.code.tex 2023-01-15 v3.1.10 (3.1.10)
)))
(/usr/share/texlive/texmf-dist/tex/generic/pgf/libraries/pgflibraryarrows.meta.
code.tex
File: pgflibraryarrows.meta.code.tex 2023-01-15 v3.1.10 (3.1.10)
\pgfarrowinset=\dimen274
\pgfarrowlength=\dimen275
\pgfarrowwidth=\dimen276
\pgfarrowlinewidth=\dimen277
)
(/usr/share/texlive/texmf-dist/tex/generic/pgf/frontendlayer/tikz/libraries/tik
zlibrarypositioning.code.tex
File: tikzlibrarypositioning.code.tex 2023-01-15 v3.1.10 (3.1.10)
)
(/usr/share/texlive/texmf-dist/tex/generic/pgf/frontendlayer/tikz/libraries/tik
zlibraryshapes.geometric.code.tex
File: tikzlibraryshapes.geometric.code.tex 2023-01-15 v3.1.10 (3.1.10)

(/usr/share/texlive/texmf-dist/tex/generic/pgf/libraries/shapes/pgflibraryshape
s.geometric.code.tex
File: pgflibraryshapes.geometric.code.tex 2023-01-15 v3.1.10 (3.1.10)
))
(/usr/share/texlive/texmf-dist/tex/latex/setspace/setspace.sty
Package: setspace 2022/12/04 v6.7b set line spacing
)
(/usr/share/texlive/texmf-dist/tex/latex/tools/indentfirst.sty
Package: indentfirst 2023/07/02 v1.03 Indent first paragraph (DPC)
)
(/usr/share/texlive/texmf-dist/tex/latex/caption/caption.sty
Package: caption 2023/08/05 v3.6o Customizing captions (AR)

(/usr/share/texlive/texmf-dist/tex/latex/caption/caption3.sty
Package: caption3 2023/07/31 v2.4d caption3 kernel (AR)
\caption@tempdima=\dimen278
\captionmargin=\dimen279
\caption@leftmargin=\dimen280
\caption@rightmargin=\dimen281
\caption@width=\dimen282
\caption@indent=\dimen283
\caption@parindent=\dimen284
\caption@hangindent=\dimen285
Package caption Info: Standard document class detected.
)
\c@caption@flags=\count297
\c@continuedfloat=\count298
Package caption Info: float package is loaded.
Package caption Info: longtable package is loaded.

(/usr/share/texlive/texmf-dist/tex/latex/caption/ltcaption.sty
Package: ltcaption 2021/01/08 v1.4c longtable captions (AR)
))
(/usr/share/texlive/texmf-dist/tex/latex/amsmath/amsmath.sty
Package: amsmath 2023/05/13 v2.17o AMS math features
\@mathmargin=\skip58

For additional information on amsmath, use the `?' option.
(/usr/share/texlive/texmf-dist/tex/latex/amsmath/amstext.sty
Package: amstext 2021/08/26 v2.01 AMS text

(/usr/share/texlive/texmf-dist/tex/latex/amsmath/amsgen.sty
File: amsgen.sty 1999/11/30 v2.0 generic functions
\@emptytoks=\toks37
\ex@=\dimen286
))
(/usr/share/texlive/texmf-dist/tex/latex/amsmath/amsbsy.sty
Package: amsbsy 1999/11/29 v1.2d Bold Symbols
\pmbraise@=\dimen287
)
(/usr/share/texlive/texmf-dist/tex/latex/amsmath/amsopn.sty
Package: amsopn 2022/04/08 v2.04 operator names
)
\inf@bad=\count299
LaTeX Info: Redefining \frac on input line 234.
\uproot@=\count300
\leftroot@=\count301
LaTeX Info: Redefining \overline on input line 399.
LaTeX Info: Redefining \colon on input line 410.
\classnum@=\count302
\DOTSCASE@=\count303
LaTeX Info: Redefining \ldots on input line 496.
LaTeX Info: Redefining \dots on input line 499.
LaTeX Info: Redefining \cdots on input line 620.
\Mathstrutbox@=\box71
\strutbox@=\box72
LaTeX Info: Redefining \big on input line 722.
LaTeX Info: Redefining \Big on input line 723.
LaTeX Info: Redefining \bigg on input line 724.
LaTeX Info: Redefining \Bigg on input line 725.
\big@size=\dimen288
LaTeX Font Info:    Redeclaring font encoding OML on input line 743.
LaTeX Font Info:    Redeclaring font encoding OMS on input line 744.
\macc@depth=\count304
LaTeX Info: Redefining \bmod on input line 905.
LaTeX Info: Redefining \pmod on input line 910.
LaTeX Info: Redefining \smash on input line 940.
LaTeX Info: Redefining \relbar on input line 970.
LaTeX Info: Redefining \Relbar on input line 971.
\c@MaxMatrixCols=\count305
\dotsspace@=\muskip17
\c@parentequation=\count306
\dspbrk@lvl=\count307
\tag@help=\toks38
\row@=\count308
\column@=\count309
\maxfields@=\count310
\andhelp@=\toks39
\eqnshift@=\dimen289
\alignsep@=\dimen290
\tagshift@=\dimen291
\tagwidth@=\dimen292
\totwidth@=\dimen293
\lineht@=\dimen294
\@envbody=\toks40
\multlinegap=\skip59
\multlinetaggap=\skip60
\mathdisplay@stack=\toks41
LaTeX Info: Redefining \[ on input line 2953.
LaTeX Info: Redefining \] on input line 2954.
)
(/usr/share/texlive/texmf-dist/tex/latex/amsfonts/amssymb.sty
Package: amssymb 2013/01/14 v3.01 AMS font symbols

(/usr/share/texlive/texmf-dist/tex/latex/amsfonts/amsfonts.sty
Package: amsfonts 2013/01/14 v3.01 Basic AMSFonts support
\symAMSa=\mathgroup4
\symAMSb=\mathgroup5
LaTeX Font Info:    Redeclaring math symbol \hbar on input line 98.
LaTeX Font Info:    Overwriting math alphabet `\mathfrak' in version `bold'
(Font)                  U/euf/m/n --> U/euf/b/n on input line 106.
))
(/usr/share/texlive/texmf-dist/tex/latex/fancyhdr/fancyhdr.sty
Package: fancyhdr 2022/11/09 v4.1 Extensive control of page headers and footers

\f@nch@headwidth=\skip61
\f@nch@O@elh=\skip62
\f@nch@O@erh=\skip63
\f@nch@O@olh=\skip64
\f@nch@O@orh=\skip65
\f@nch@O@elf=\skip66
\f@nch@O@erf=\skip67
\f@nch@O@olf=\skip68
\f@nch@O@orf=\skip69
)
(/usr/share/texlive/texmf-dist/tex/latex/cite/cite.sty
LaTeX Info: Redefining \cite on input line 302.
LaTeX Info: Redefining \nocite on input line 332.
Package: cite 2015/02/27  v 5.5
)
(/usr/share/texlive/texmf-dist/tex/latex/titlesec/titlesec.sty
Package: titlesec 2023/10/27 v2.16 Sectioning titles
\ttl@box=\box73
\beforetitleunit=\skip70
\aftertitleunit=\skip71
\ttl@plus=\dimen295
\ttl@minus=\dimen296
\ttl@toksa=\toks42
\titlewidth=\dimen297
\titlewidthlast=\dimen298
\titlewidthfirst=\dimen299
)
LaTeX Font Info:    Trying to load font information for OT1+ptm on input line 1
98.

(/usr/share/texlive/texmf-dist/tex/latex/psnfss/ot1ptm.fd
File: ot1ptm.fd 2001/06/04 font definitions for OT1/ptm.
)
(/usr/share/texlive/texmf-dist/tex/latex/l3backend/l3backend-pdftex.def
File: l3backend-pdftex.def 2024-01-04 L3 backend support: PDF output (pdfTeX)
\l__color_backend_stack_int=\count311
\l__pdf_internal_box=\box74
)
(./main.aux)
\openout1 = `main.aux'.

LaTeX Font Info:    Checking defaults for OML/cmm/m/it on input line 198.
LaTeX Font Info:    ... okay on input line 198.
LaTeX Font Info:    Checking defaults for OMS/cmsy/m/n on input line 198.
LaTeX Font Info:    ... okay on input line 198.
LaTeX Font Info:    Checking defaults for OT1/cmr/m/n on input line 198.
LaTeX Font Info:    ... okay on input line 198.
LaTeX Font Info:    Checking defaults for T1/cmr/m/n on input line 198.
LaTeX Font Info:    ... okay on input line 198.
LaTeX Font Info:    Checking defaults for TS1/cmr/m/n on input line 198.
LaTeX Font Info:    ... okay on input line 198.
LaTeX Font Info:    Checking defaults for OMX/cmex/m/n on input line 198.
LaTeX Font Info:    ... okay on input line 198.
LaTeX Font Info:    Checking defaults for U/cmr/m/n on input line 198.
LaTeX Font Info:    ... okay on input line 198.

*geometry* driver: auto-detecting
*geometry* detected driver: pdftex
*geometry* verbose mode - [ preamble ] result:
* driver: pdftex
* paper: a4paper
* layout: <same size as paper>
* layoutoffset:(h,v)=(0.0pt,0.0pt)
* modes: 
* h-part:(L,W,R)=(99.58464pt, 441.01773pt, 56.9055pt)
* v-part:(T,H,B)=(99.58464pt, 660.10394pt, 85.35826pt)
* \paperwidth=597.50787pt
* \paperheight=845.04684pt
* \textwidth=441.01773pt
* \textheight=660.10394pt
* \oddsidemargin=27.31465pt
* \evensidemargin=27.31465pt
* \topmargin=-9.68535pt
* \headheight=16.0pt
* \headsep=25.0pt
* \topskip=12.0pt
* \footskip=30.0pt
* \marginparwidth=35.0pt
* \marginparsep=10.0pt
* \columnsep=10.0pt
* \skip\footins=10.8pt plus 4.0pt minus 2.0pt
* \hoffset=0.0pt
* \voffset=0.0pt
* \mag=1000
* \@twocolumnfalse
* \@twosidefalse
* \@mparswitchfalse
* \@reversemarginfalse
* (1in=72.27pt=25.4mm, 1cm=28.453pt)

(/usr/share/texlive/texmf-dist/tex/context/base/mkii/supp-pdf.mkii
[Loading MPS to PDF converter (version 2006.09.02).]
\scratchcounter=\count312
\scratchdimen=\dimen300
\scratchbox=\box75
\nofMPsegments=\count313
\nofMParguments=\count314
\everyMPshowfont=\toks43
\MPscratchCnt=\count315
\MPscratchDim=\dimen301
\MPnumerator=\count316
\makeMPintoPDFobject=\count317
\everyMPtoPDFconversion=\toks44
) (/usr/share/texlive/texmf-dist/tex/latex/epstopdf-pkg/epstopdf-base.sty
Package: epstopdf-base 2020-01-24 v2.11 Base part for package epstopdf
Package epstopdf-base Info: Redefining graphics rule for `.eps' on input line 4
85.

(/usr/share/texlive/texmf-dist/tex/latex/latexconfig/epstopdf-sys.cfg
File: epstopdf-sys.cfg 2010/07/13 v1.3 Configuration of (r)epstopdf for TeX Liv
e
))
Package caption Info: Begin \AtBeginDocument code.
Package caption Info: End \AtBeginDocument code.

(./CoverPage.tex
<Figures/hmu-logo.png, id=4, 734.94916pt x 900.92517pt>
File: Figures/hmu-logo.png Graphic file (type png)
<use Figures/hmu-logo.png>
Package pdftex.def Info: Figures/hmu-logo.png  used on input line 35.
(pdftex.def)             Requested size: 88.2022pt x 108.1201pt.
 [1

{/var/lib/texmf/fonts/map/pdftex/updmap/pdftex.map}{/usr/share/texlive/texmf-di
st/fonts/enc/dvips/base/8r.enc} <./Figures/hmu-logo.png>])
(./InnerTitlePage.tex
LaTeX Font Info:    Calculating math sizes for size <13> on input line 51.


LaTeX Font Warning: Font shape `OT1/cmr/m/n' in size <13> not available
(Font)              size <12> substituted on input line 51.


LaTeX Font Warning: Font shape `OT1/cmr/m/n' in size <6.5> not available
(Font)              size <6> substituted on input line 51.


LaTeX Font Warning: Font shape `OML/cmm/m/it' in size <13> not available
(Font)              size <12> substituted on input line 51.


LaTeX Font Warning: Font shape `OML/cmm/m/it' in size <6.5> not available
(Font)              size <6> substituted on input line 51.


LaTeX Font Warning: Font shape `OMS/cmsy/m/n' in size <13> not available
(Font)              size <12> substituted on input line 51.


LaTeX Font Warning: Font shape `OMS/cmsy/m/n' in size <6.5> not available
(Font)              size <6> substituted on input line 51.

LaTeX Font Info:    Trying to load font information for U+msa on input line 51.

(/usr/share/texlive/texmf-dist/tex/latex/amsfonts/umsa.fd
File: umsa.fd 2013/01/14 v3.01 AMS symbols A
)
LaTeX Font Info:    Trying to load font information for U+msb on input line 51.


(/usr/share/texlive/texmf-dist/tex/latex/amsfonts/umsb.fd
File: umsb.fd 2013/01/14 v3.01 AMS symbols B
) [1])
(./Acknowledgements.tex [1

]) (./Declaration.tex [2


]) (./main.toc [3


])
\tf@toc=\write4
\openout4 = `main.toc'.

 [4]
(./Abstract.tex [5


] [6]) (./Abbreviations.tex [7


]) (./main.lot)
\tf@lot=\write5
\openout5 = `main.lot'.

 [8


] (./main.lof)
\tf@lof=\write6
\openout6 = `main.lof'.

 [9


] (./Introduction.tex
Overfull \hbox (2.733pt too wide) in paragraph at lines 11--12
\OT1/ptm/m/n/13 vac-ci-na-tion, hav-ing re-ceived HPV vac-cine, and re-main-ing
 un-vac-ci-nated de-spite aware-
 []

[1


]
Overfull \hbox (2.35155pt too wide) in paragraph at lines 15--16
\OT1/ptm/m/n/13 vac-ci-na-tion, and the awareness--vaccination gap among Viet-n
amese women aged
 []

[2]) (./Chapter1.tex
Chapter 1.

Overfull \hbox (0.6527pt too wide) in paragraph at lines 7--8
\OT1/ptm/m/n/13 iden-ti-fied geno-types. Ap-prox-i-mately 40 types in-fect the 
anogen-i-tal tract, and a smaller
 []

[3


] [4] [5]
Overfull \hbox (0.13237pt too wide) in paragraph at lines 66--67
\OT1/ptm/m/n/13 rank. A pos-i-tive con-cen-tra-tion in-dex in-di-cates that the
 out-come is con-cen-trated among
 []

[6] [7] [8]) (./Chapter2.tex
Chapter 2.
LaTeX Font Info:    Trying to load font information for TS1+ptm on input line 1
4.
(/usr/share/texlive/texmf-dist/tex/latex/psnfss/ts1ptm.fd
File: ts1ptm.fd 2001/06/04 font definitions for TS1/ptm.
)
LaTeX Font Info:    Trying to load font information for OT1+pcr on input line 1
5.

(/usr/share/texlive/texmf-dist/tex/latex/psnfss/ot1pcr.fd
File: ot1pcr.fd 2001/06/04 font definitions for OT1/pcr.
) [9


] [10]
Overfull \hbox (1.05269pt too wide) in paragraph at lines 48--49
[]\OT1/ptm/b/n/13 Awareness--vaccination gap \OT1/ptm/m/n/13 (\OT1/pcr/m/n/13 g
ap\OT1/ptm/m/n/13 ): de-fined only among women who had heard
 []


Underfull \hbox (badness 3884) in paragraph at lines 72--73
[]|\OT1/ptm/m/n/10.95 Collapsed from MICS ed-u-ca-tion
 []


Underfull \hbox (badness 1242) in paragraph at lines 82--82
[]|\OT1/ptm/m/n/10.95 Gender-equitable at-
 []

[11] [12] [13] [14]) (./Chapter3.tex
Chapter 3.

Underfull \hbox (badness 10000) in paragraph at lines 25--25
[]|\OT1/ptm/m/n/10.95 Currently mar-
 []

[15


]
Overfull \hbox (1.56412pt too wide) in paragraph at lines 65--66
\OT1/ptm/m/n/13 p-values are from design-based Pear-son chi-squared tests us-in
g \OT1/pcr/m/n/13 svy: tabulate,
 []


Underfull \hbox (badness 1466) in paragraph at lines 74--74
[]|\OT1/ptm/b/n/8 Awareness % (95%
 []


Underfull \hbox (badness 1466) in paragraph at lines 78--78
[]|\OT1/ptm/b/n/8 Awareness % (95%
 []


Underfull \hbox (badness 3407) in paragraph at lines 114--114
[]|\OT1/ptm/m/n/8 Gender-equitable at-
 []

[16]
<Figures/fig1_awareness_vaccination_by_ses.png, id=102, 2409.0pt x 1445.4pt>
File: Figures/fig1_awareness_vaccination_by_ses.png Graphic file (type png)
<use Figures/fig1_awareness_vaccination_by_ses.png>
Package pdftex.def Info: Figures/fig1_awareness_vaccination_by_ses.png  used on
 input line 129.
(pdftex.def)             Requested size: 396.91325pt x 238.14989pt.
<Figures/fig4_awareness_vaccination_by_area.png, id=103, 2409.0pt x 1445.4pt>
File: Figures/fig4_awareness_vaccination_by_area.png Graphic file (type png)
<use Figures/fig4_awareness_vaccination_by_area.png>
Package pdftex.def Info: Figures/fig4_awareness_vaccination_by_area.png  used o
n input line 136.
(pdftex.def)             Requested size: 388.09775pt x 232.85669pt.

Underfull \hbox (badness 3019) in paragraph at lines 149--149
\OT1/ptm/b/n/13 ci-nated % (95%
 []


Underfull \hbox (badness 3019) in paragraph at lines 153--153
\OT1/ptm/b/n/13 ci-nated % (95%
 []


Underfull \hbox (badness 10000) in paragraph at lines 182--182
[]|\OT1/ptm/m/n/13 Gender-
 []


Underfull \hbox (badness 10000) in paragraph at lines 182--182
\OT1/ptm/m/n/13 equitable at-
 []

[17] [18 <./Figures/fig1_awareness_vaccination_by_ses.png (PNG copy)> <./Figure
s/fig4_awareness_vaccination_by_area.png (PNG copy)>] [19]
<Figures/fig2_gap_by_ses.png, id=115, 2409.0pt x 1445.4pt>
File: Figures/fig2_gap_by_ses.png Graphic file (type png)
<use Figures/fig2_gap_by_ses.png>
Package pdftex.def Info: Figures/fig2_gap_by_ses.png  used on input line 194.
(pdftex.def)             Requested size: 388.09775pt x 232.85669pt.
 [20 <./Figures/fig2_gap_by_ses.png (PNG copy)>]
<Figures/fig7_concentration_curve.png, id=120, 2409.0pt x 1445.4pt>
File: Figures/fig7_concentration_curve.png Graphic file (type png)
<use Figures/fig7_concentration_curve.png>
Package pdftex.def Info: Figures/fig7_concentration_curve.png  used on input li
ne 228.
(pdftex.def)             Requested size: 388.09775pt x 232.85669pt.
 [21 <./Figures/fig7_concentration_curve.png (PNG copy)>]
Underfull \hbox (badness 10000) in paragraph at lines 244--244
[]|\OT1/ptm/b/n/8 Awareness aPR (95%
 []


Underfull \hbox (badness 3536) in paragraph at lines 244--244
[]|\OT1/ptm/b/n/8 Vaccination aPR (95%
 []


Underfull \hbox (badness 10000) in paragraph at lines 248--248
[]|\OT1/ptm/b/n/8 Awareness aPR (95%
 []


Underfull \hbox (badness 3536) in paragraph at lines 248--248
[]|\OT1/ptm/b/n/8 Vaccination aPR (95%
 []


Underfull \hbox (badness 10000) in paragraph at lines 251--251
[]|\OT1/ptm/m/n/8 0.933 (0.867--1.005;
 []


Underfull \hbox (badness 10000) in paragraph at lines 251--251
[]|\OT1/ptm/m/n/8 0.780 (0.547--1.112;
 []


Underfull \hbox (badness 10000) in paragraph at lines 251--252
[]|\OT1/ptm/m/n/8 1.024 (0.976--1.075;
 []


Underfull \hbox (badness 6173) in paragraph at lines 253--253
[]|\OT1/ptm/m/n/8 0.626 (0.561--0.699; $\OML/cmm/m/it/8 <
 []


Underfull \hbox (badness 10000) in paragraph at lines 253--253
[]|\OT1/ptm/m/n/8 0.514 (0.305--0.865;
 []


Underfull \hbox (badness 10000) in paragraph at lines 253--254
[]|\OT1/ptm/m/n/8 1.053 (0.979--1.134;
 []


Underfull \hbox (badness 10000) in paragraph at lines 254--254
[]|\OT1/ptm/m/n/8 0.918 (0.855--0.986;
 []


Underfull \hbox (badness 10000) in paragraph at lines 254--254
[]|\OT1/ptm/m/n/8 1.150 (0.796--1.660;
 []


Underfull \hbox (badness 10000) in paragraph at lines 254--255
[]|\OT1/ptm/m/n/8 0.975 (0.929--1.023;
 []


Underfull \hbox (badness 10000) in paragraph at lines 256--256
[]|\OT1/ptm/m/n/8 0.882 (0.730--1.065;
 []


Underfull \hbox (badness 10000) in paragraph at lines 256--256
[]|\OT1/ptm/m/n/8 1.482 (0.697--3.150;
 []


Underfull \hbox (badness 10000) in paragraph at lines 256--257
[]|\OT1/ptm/m/n/8 0.955 (0.856--1.066;
 []


Underfull \hbox (badness 10000) in paragraph at lines 257--257
[]|\OT1/ptm/m/n/8 1.050 (0.868--1.270;
 []


Underfull \hbox (badness 10000) in paragraph at lines 257--257
[]|\OT1/ptm/m/n/8 1.195 (0.578--2.470;
 []


Underfull \hbox (badness 10000) in paragraph at lines 257--258
[]|\OT1/ptm/m/n/8 0.973 (0.886--1.069;
 []


Underfull \hbox (badness 6173) in paragraph at lines 259--259
[]|\OT1/ptm/m/n/8 0.475 (0.330--0.683; $\OML/cmm/m/it/8 <
 []


Underfull \hbox (badness 10000) in paragraph at lines 259--259
[]|\OT1/ptm/m/n/8 0.327 (0.060--1.770;
 []


Underfull \hbox (badness 10000) in paragraph at lines 259--260
[]|\OT1/ptm/m/n/8 1.008 (0.940--1.081;
 []


Underfull \hbox (badness 10000) in paragraph at lines 260--260
[]|\OT1/ptm/m/n/8 0.836 (0.754--0.927;
 []


Underfull \hbox (badness 10000) in paragraph at lines 260--260
[]|\OT1/ptm/m/n/8 0.422 (0.227--0.785;
 []


Underfull \hbox (badness 10000) in paragraph at lines 260--261
[]|\OT1/ptm/m/n/8 1.041 (1.003--1.081;
 []


Underfull \hbox (badness 10000) in paragraph at lines 262--262
[]|\OT1/ptm/m/n/8 0.997 (0.898--1.108;
 []


Underfull \hbox (badness 10000) in paragraph at lines 262--262
[]|\OT1/ptm/m/n/8 0.676 (0.381--1.197;
 []


Underfull \hbox (badness 10000) in paragraph at lines 262--263
[]|\OT1/ptm/m/n/8 1.039 (0.991--1.090;
 []


Underfull \hbox (badness 10000) in paragraph at lines 263--263
[]|\OT1/ptm/m/n/8 0.860 (0.745--0.992;
 []


Underfull \hbox (badness 10000) in paragraph at lines 263--263
[]|\OT1/ptm/m/n/8 0.743 (0.307--1.801;
 []


Underfull \hbox (badness 10000) in paragraph at lines 263--264
[]|\OT1/ptm/m/n/8 1.010 (0.957--1.066;
 []


Underfull \hbox (badness 6173) in paragraph at lines 265--265
[]|\OT1/ptm/m/n/8 0.576 (0.480--0.691; $\OML/cmm/m/it/8 <
 []


Underfull \hbox (badness 6173) in paragraph at lines 265--265
[]|\OT1/ptm/m/n/8 0.118 (0.039--0.358; $\OML/cmm/m/it/8 <
 []


Underfull \hbox (badness 10000) in paragraph at lines 265--266
[]|\OT1/ptm/m/n/8 1.137 (1.055--1.225;
 []


Underfull \hbox (badness 6173) in paragraph at lines 266--266
[]|\OT1/ptm/m/n/8 0.802 (0.726--0.885; $\OML/cmm/m/it/8 <
 []


Underfull \hbox (badness 10000) in paragraph at lines 266--266
[]|\OT1/ptm/m/n/8 0.585 (0.365--0.936;
 []


Underfull \hbox (badness 10000) in paragraph at lines 266--267
[]|\OT1/ptm/m/n/8 1.070 (0.992--1.154;
 []


Underfull \hbox (badness 6173) in paragraph at lines 267--267
[]|\OT1/ptm/m/n/8 0.812 (0.743--0.888; $\OML/cmm/m/it/8 <
 []


Underfull \hbox (badness 6173) in paragraph at lines 267--267
[]|\OT1/ptm/m/n/8 0.437 (0.278--0.688; $\OML/cmm/m/it/8 <
 []


Underfull \hbox (badness 10000) in paragraph at lines 267--268
[]|\OT1/ptm/m/n/8 1.104 (1.028--1.185;
 []


Underfull \hbox (badness 10000) in paragraph at lines 268--268
[]|\OT1/ptm/m/n/8 0.890 (0.829--0.956;
 []


Underfull \hbox (badness 10000) in paragraph at lines 268--268
[]|\OT1/ptm/m/n/8 0.631 (0.421--0.945;
 []


Underfull \hbox (badness 10000) in paragraph at lines 268--269
[]|\OT1/ptm/m/n/8 1.073 (0.994--1.158;
 []


Underfull \hbox (badness 10000) in paragraph at lines 270--270
[]|\OT1/ptm/m/n/8 1.147 (0.981--1.340;
 []


Underfull \hbox (badness 10000) in paragraph at lines 270--270
[]|\OT1/ptm/m/n/8 1.960 (0.763--5.034;
 []


Underfull \hbox (badness 10000) in paragraph at lines 270--271
[]|\OT1/ptm/m/n/8 0.962 (0.919--1.007;
 []


Underfull \hbox (badness 10000) in paragraph at lines 271--271
[]|\OT1/ptm/m/n/8 1.234 (1.066--1.429;
 []


Underfull \hbox (badness 10000) in paragraph at lines 271--271
[]|\OT1/ptm/m/n/8 1.614 (0.861--3.025;
 []


Underfull \hbox (badness 10000) in paragraph at lines 271--272
[]|\OT1/ptm/m/n/8 0.978 (0.929--1.029;
 []


Underfull \hbox (badness 10000) in paragraph at lines 272--272
[]|\OT1/ptm/m/n/8 1.024 (0.857--1.224;
 []


Underfull \hbox (badness 10000) in paragraph at lines 272--272
[]|\OT1/ptm/m/n/8 0.739 (0.352--1.550;
 []


Underfull \hbox (badness 10000) in paragraph at lines 272--273
[]|\OT1/ptm/m/n/8 1.050 (0.945--1.166;
 []

[22]
Overfull \hbox (3.48694pt too wide) in paragraph at lines 285--286
\OT1/ptm/m/n/13 mod-els. Com-pared with the rich-est quin-tile, the poor-est qu
in-tile had a 31.5 percentage-
 []


Underfull \hbox (badness 10000) in paragraph at lines 294--294
[]|\OT1/ptm/b/n/10.95 Aware %
 []


Underfull \hbox (badness 2368) in paragraph at lines 294--294
[]|\OT1/ptm/b/n/10.95 Vaccinated %
 []


Underfull \hbox (badness 10000) in paragraph at lines 294--294
[]|\OT1/ptm/b/n/10.95 Vaccinated if
 []


Underfull \hbox (badness 1264) in paragraph at lines 294--295
[]|\OT1/ptm/b/n/10.95 Gap % (95%
 []


Underfull \hbox (badness 10000) in paragraph at lines 296--296
[]|\OT1/ptm/m/n/10.95 48.0 (41.2--
 []


Underfull \hbox (badness 10000) in paragraph at lines 296--297
[]|\OT1/ptm/m/n/10.95 96.9 (93.8--
 []


Underfull \hbox (badness 10000) in paragraph at lines 297--297
[]|\OT1/ptm/m/n/10.95 61.1 (56.6--
 []


Underfull \hbox (badness 10000) in paragraph at lines 297--298
[]|\OT1/ptm/m/n/10.95 88.9 (84.8--
 []


Underfull \hbox (badness 10000) in paragraph at lines 298--298
[]|\OT1/ptm/m/n/10.95 61.8 (56.7--
 []


Underfull \hbox (badness 10000) in paragraph at lines 298--299
[]|\OT1/ptm/m/n/10.95 91.7 (88.6--
 []


Underfull \hbox (badness 10000) in paragraph at lines 299--299
[]|\OT1/ptm/m/n/10.95 68.6 (63.7--
 []


Underfull \hbox (badness 10000) in paragraph at lines 299--300
[]|\OT1/ptm/m/n/10.95 89.6 (86.2--
 []


Underfull \hbox (badness 10000) in paragraph at lines 300--300
[]|\OT1/ptm/m/n/10.95 79.5 (74.9--
 []


Underfull \hbox (badness 10000) in paragraph at lines 300--301
[]|\OT1/ptm/m/n/10.95 85.0 (80.8--
 []

[23]
<Figures/fig8_decomposition_awareness.png, id=132, 3613.5pt x 2007.5pt>
File: Figures/fig8_decomposition_awareness.png Graphic file (type png)
<use Figures/fig8_decomposition_awareness.png>
Package pdftex.def Info: Figures/fig8_decomposition_awareness.png  used on inpu
t line 352.
(pdftex.def)             Requested size: 396.91325pt x 220.48872pt.
<Figures/fig9_decomposition_vaccination.png, id=133, 3613.5pt x 2007.5pt>
File: Figures/fig9_decomposition_vaccination.png Graphic file (type png)
<use Figures/fig9_decomposition_vaccination.png>
Package pdftex.def Info: Figures/fig9_decomposition_vaccination.png  used on in
put line 359.
(pdftex.def)             Requested size: 396.91325pt x 220.48872pt.
 [24 <./Figures/fig8_decomposition_awareness.png (PNG copy)>]
<Figures/fig10_decomposition_gap.png, id=137, 3613.5pt x 2007.5pt>
File: Figures/fig10_decomposition_gap.png Graphic file (type png)
<use Figures/fig10_decomposition_gap.png>
Package pdftex.def Info: Figures/fig10_decomposition_gap.png  used on input lin
e 366.
(pdftex.def)             Requested size: 396.91325pt x 220.48872pt.
 [25] [26 <./Figures/fig9_decomposition_vaccination.png (PNG copy)> <./Figures/
fig10_decomposition_gap.png (PNG copy)>]) (./Chapter4.tex
Chapter 4.

Overfull \hbox (4.08568pt too wide) in paragraph at lines 5--6
\OT1/ptm/m/n/13 vac-ci-na-tion among Viet-namese women aged 15--29 years. Nearl
y two-thirds of women
 []

[27


] [28] [29] [30] [31]) (./Conclusion.tex [32


] [33]) (./main.bbl [34



]
[35] [36]) (./Appendix.tex [37]
Appendix A.
[38

]
Underfull \hbox (badness 10000) in paragraph at lines 39--39
[]|\OT1/ptm/b/n/13 Vaccination
 []


Underfull \hbox (badness 10000) in paragraph at lines 43--43
[]|\OT1/ptm/b/n/13 Vaccination
 []


Underfull \hbox (badness 10000) in paragraph at lines 46--46
[]|\OT1/ptm/m/n/13 0.776 (0.589--
 []


Underfull \hbox (badness 10000) in paragraph at lines 46--46
[]|\OT1/ptm/m/n/13 0.754 (0.505--
 []


Underfull \hbox (badness 10000) in paragraph at lines 46--47
[]|\OT1/ptm/m/n/13 1.199 (0.803--
 []


Underfull \hbox (badness 10000) in paragraph at lines 47--47
[]|\OT1/ptm/m/n/13 0.230 (0.160--
 []


Underfull \hbox (badness 10000) in paragraph at lines 47--47
[]|\OT1/ptm/m/n/13 0.467 (0.259--
 []


Underfull \hbox (badness 10000) in paragraph at lines 47--48
[]|\OT1/ptm/m/n/13 1.380 (0.769--
 []


Underfull \hbox (badness 10000) in paragraph at lines 48--48
[]|\OT1/ptm/m/n/13 0.715 (0.550--
 []


Underfull \hbox (badness 10000) in paragraph at lines 48--48
[]|\OT1/ptm/m/n/13 1.178 (0.771--
 []


Underfull \hbox (badness 10000) in paragraph at lines 48--49
[]|\OT1/ptm/m/n/13 0.800 (0.519--
 []


Underfull \hbox (badness 10000) in paragraph at lines 49--49
[]|\OT1/ptm/m/n/13 0.249 (0.144--
 []


Underfull \hbox (badness 10000) in paragraph at lines 49--49
[]|\OT1/ptm/m/n/13 0.314 (0.056--
 []


Underfull \hbox (badness 10000) in paragraph at lines 49--50
[]|\OT1/ptm/m/n/13 1.256 (0.237--
 []


Underfull \hbox (badness 10000) in paragraph at lines 50--50
[]|\OT1/ptm/m/n/13 0.588 (0.448--
 []


Underfull \hbox (badness 10000) in paragraph at lines 50--50
[]|\OT1/ptm/m/n/13 0.403 (0.211--
 []


Underfull \hbox (badness 10000) in paragraph at lines 50--51
[]|\OT1/ptm/m/n/13 2.064 (1.050--
 []


Underfull \hbox (badness 10000) in paragraph at lines 51--51
[]|\OT1/ptm/m/n/13 0.709 (0.521--
 []


Underfull \hbox (badness 10000) in paragraph at lines 51--51
[]|\OT1/ptm/m/n/13 0.729 (0.284--
 []


Underfull \hbox (badness 10000) in paragraph at lines 51--52
[]|\OT1/ptm/m/n/13 1.267 (0.500--
 []


Underfull \hbox (badness 10000) in paragraph at lines 52--52
[]|\OT1/ptm/m/n/13 0.198 (0.123--
 []


Underfull \hbox (badness 10000) in paragraph at lines 52--52
[]|\OT1/ptm/m/n/13 0.104 (0.033--
 []


Underfull \hbox (badness 10000) in paragraph at lines 52--53
[]|\OT1/ptm/m/n/13 5.676 (1.826--
 []


Underfull \hbox (badness 10000) in paragraph at lines 53--53
[]|\OT1/ptm/m/n/13 0.361 (0.245--
 []


Underfull \hbox (badness 10000) in paragraph at lines 53--53
[]|\OT1/ptm/m/n/13 0.534 (0.313--
 []


Underfull \hbox (badness 10000) in paragraph at lines 53--54
[]|\OT1/ptm/m/n/13 1.426 (0.827--
 []


Underfull \hbox (badness 10000) in paragraph at lines 54--54
[]|\OT1/ptm/m/n/13 0.372 (0.255--
 []


Underfull \hbox (badness 10000) in paragraph at lines 54--54
[]|\OT1/ptm/m/n/13 0.387 (0.232--
 []


Underfull \hbox (badness 10000) in paragraph at lines 54--55
[]|\OT1/ptm/m/n/13 1.985 (1.166--
 []


Underfull \hbox (badness 10000) in paragraph at lines 55--55
[]|\OT1/ptm/m/n/13 0.525 (0.365--
 []


Underfull \hbox (badness 10000) in paragraph at lines 55--55
[]|\OT1/ptm/m/n/13 0.581 (0.362--
 []


Underfull \hbox (badness 10000) in paragraph at lines 55--56
[]|\OT1/ptm/m/n/13 1.538 (0.941--
 []


Underfull \hbox (badness 3701) in paragraph at lines 56--56
[]|\OT1/ptm/m/n/13 Mass me-dia ex-po-
 []


Underfull \hbox (badness 10000) in paragraph at lines 56--56
[]|\OT1/ptm/m/n/13 1.395 (0.992--
 []


Underfull \hbox (badness 10000) in paragraph at lines 56--56
[]|\OT1/ptm/m/n/13 2.050 (0.763--
 []


Underfull \hbox (badness 10000) in paragraph at lines 56--57
[]|\OT1/ptm/m/n/13 0.482 (0.177--
 []


Underfull \hbox (badness 10000) in paragraph at lines 57--57
[]|\OT1/ptm/m/n/13 1.737 (1.219--
 []


Underfull \hbox (badness 10000) in paragraph at lines 57--57
[]|\OT1/ptm/m/n/13 1.691 (0.860--
 []


Underfull \hbox (badness 10000) in paragraph at lines 57--58
[]|\OT1/ptm/m/n/13 0.773 (0.399--
 []


Underfull \hbox (badness 10000) in paragraph at lines 58--58
[]|\OT1/ptm/m/n/13 1.273 (0.546--
 []


Underfull \hbox (badness 10000) in paragraph at lines 58--58
[]|\OT1/ptm/m/n/13 0.703 (0.296--
 []


Underfull \hbox (badness 10000) in paragraph at lines 58--59
[]|\OT1/ptm/m/n/13 1.344 (0.580--
 []

[39] [40]) (./main.aux)
 ***********
LaTeX2e <2023-11-01> patch level 1
L3 programming layer <2024-01-22>
 ***********


LaTeX Font Warning: Size substitutions with differences
(Font)              up to 1.0pt have occurred.

 ) 
Here is how much of TeX's memory you used:
 17648 strings out of 476106
 350456 string characters out of 5793934
 1985975 words of memory out of 5000000
 39279 multiletter control sequences out of 15000+600000
 593179 words of font info for 112 fonts, out of 8000000 for 9000
 59 hyphenation exceptions out of 8191
 84i,12n,93p,1595b,900s stack positions out of 10000i,1000n,20000p,200000b,200000s
</usr/share/texlive/texmf-dist/fonts/type1/public/amsfonts/cm/cmex10.pfb></us
r/share/texlive/texmf-dist/fonts/type1/public/amsfonts/cm/cmmi10.pfb></usr/shar
e/texlive/texmf-dist/fonts/type1/public/amsfonts/cm/cmmi12.pfb></usr/share/texl
ive/texmf-dist/fonts/type1/public/amsfonts/cm/cmmi8.pfb></usr/share/texlive/tex
mf-dist/fonts/type1/public/amsfonts/cm/cmmi9.pfb></usr/share/texlive/texmf-dist
/fonts/type1/public/amsfonts/cm/cmr10.pfb></usr/share/texlive/texmf-dist/fonts/
type1/public/amsfonts/cm/cmr12.pfb></usr/share/texlive/texmf-dist/fonts/type1/p
ublic/amsfonts/cm/cmr8.pfb></usr/share/texlive/texmf-dist/fonts/type1/public/am
sfonts/cm/cmsy10.pfb></usr/share/texlive/texmf-dist/fonts/type1/urw/courier/ucr
r8a.pfb></usr/share/texlive/texmf-dist/fonts/type1/urw/times/utmb8a.pfb></usr/s
hare/texlive/texmf-dist/fonts/type1/urw/times/utmr8a.pfb></usr/share/texlive/te
xmf-dist/fonts/type1/urw/times/utmri8a.pfb>
Output written on main.pdf (51 pages, 1781818 bytes).
PDF statistics:
 249 PDF objects out of 1000 (max. 8388607)
 159 compressed objects within 2 object streams
 0 named destinations out of 1000 (max. 500000)
 53 words of extra memory for PDF output out of 10000 (max. 10000000)

