---------------------------------------------------------------------------------------------------------------------------------------------------------------------------------------------------------------------------------------------------------------
      name:  vaccination_aware_biv
       log:  E:\FH5\Thesis HA\Thesis_2026/HPV thesis/Output/tables/table7_vaccination_aware_sensitivity.log
  log type:  text
 opened on:   6 May 2026, 03:35:07
(running tabulate on estimation sample)

Number of strata =  12                            Number of obs   =      4,102
Number of PSUs   = 697                            Population size = 4,556.7513
Subpop. no. PSUs = 628                            Subpop. no. obs =      2,133
                                                  Subpop. size    = 2,842.4909
                                                  Design df       =        685

-------------------------------------------------
          |Received HPV vaccine among aware women
      Age |          No          Yes        Total
----------+--------------------------------------
    15-19 |        88.3         11.7        100.0
          | [83.9,91.7]   [8.3,16.1]             
          | 
    20-24 |        84.9         15.1        100.0
          | [80.9,88.2]  [11.8,19.1]             
          | 
    25-29 |        90.0         10.0        100.0
          | [87.4,92.1]   [7.9,12.6]             
          | 
    Total |        88.0         12.0        100.0
          | [86.0,89.8]  [10.2,14.0]             
-------------------------------------------------
Key: Row percentage
     [95% confidence interval for row percentage]

  Pearson:
    Uncorrected   chi2(2)         =   18.6758
    Design-based  F(1.99, 1364.08)=    2.9732     P = 0.0517
1 2 3
(0 real changes made)
(0 real changes made)
(0 real changes made)
(running tabulate on estimation sample)

Number of strata =  12                            Number of obs   =      4,102
Number of PSUs   = 697                            Population size = 4,556.7513
Subpop. no. PSUs = 628                            Subpop. no. obs =      2,133
                                                  Subpop. size    = 2,842.4909
                                                  Design df       =        685

-------------------------------------------------
          |Received HPV vaccine among aware women
     Area |          No          Yes        Total
----------+--------------------------------------
    Urban |        84.4         15.6        100.0
          | [80.9,87.4]  [12.6,19.1]             
          | 
    Rural |        90.8          9.2        100.0
          | [88.2,92.9]   [7.1,11.8]             
          | 
    Total |        88.0         12.0        100.0
          | [86.0,89.8]  [10.2,14.0]             
-------------------------------------------------
Key: Row percentage
     [95% confidence interval for row percentage]

  Pearson:
    Uncorrected   chi2(1)         =   39.0398
    Design-based  F(1, 685)       =    9.8005     P = 0.0018
1 2
(0 real changes made)
(0 real changes made)
(running tabulate on estimation sample)

Number of strata =  12                            Number of obs   =      4,102
Number of PSUs   = 697                            Population size = 4,556.7513
Subpop. no. PSUs = 628                            Subpop. no. obs =      2,133
                                                  Subpop. size    = 2,842.4909
                                                  Design df       =        685

-------------------------------------------------
Ethnic    |Received HPV vaccine among aware women
minority  |          No          Yes        Total
----------+--------------------------------------
       No |        87.3         12.7        100.0
          | [85.0,89.3]  [10.7,15.0]             
          | 
      Yes |        95.5          4.5        100.0
          | [90.9,97.9]    [2.1,9.1]             
          | 
    Total |        88.0         12.0        100.0
          | [86.0,89.8]  [10.2,14.0]             
-------------------------------------------------
Key: Row percentage
     [95% confidence interval for row percentage]

  Pearson:
    Uncorrected   chi2(1)         =   20.9744
    Design-based  F(1, 685)       =    8.6391     P = 0.0034
0 1
(0 real changes made)
(0 real changes made)
(running tabulate on estimation sample)

Number of strata =  12                            Number of obs   =      4,102
Number of PSUs   = 697                            Population size = 4,556.7513
Subpop. no. PSUs = 628                            Subpop. no. obs =      2,133
                                                  Subpop. size    = 2,842.4909
                                                  Design df       =        685

-------------------------------------------------
Health    |Received HPV vaccine among aware women
insurance |          No          Yes        Total
----------+--------------------------------------
  Insured |        87.3         12.7        100.0
          | [85.0,89.2]  [10.8,15.0]             
          | 
 Uninsure |        93.1          6.9        100.0
          | [88.2,96.1]   [3.9,11.8]             
          | 
    Total |        88.0         12.0        100.0
          | [86.0,89.8]  [10.2,14.0]             
-------------------------------------------------
Key: Row percentage
     [95% confidence interval for row percentage]

  Pearson:
    Uncorrected   chi2(1)         =   15.0160
    Design-based  F(1, 685)       =    4.8639     P = 0.0278
0 1
(1 missing value generated)
(1 real change made)
(1 missing value generated)
(1 real change made)
(running tabulate on estimation sample)

Number of strata =  12                            Number of obs   =      4,102
Number of PSUs   = 697                            Population size = 4,556.7513
Subpop. no. PSUs = 628                            Subpop. no. obs =      2,133
                                                  Subpop. size    = 2,842.4909
                                                  Design df       =        685

-------------------------------------------------
Marital/U |
nion      |
status of |Received HPV vaccine among aware women
woman     |          No          Yes        Total
----------+--------------------------------------
 Currentl |        92.0          8.0        100.0
          | [89.9,93.8]   [6.2,10.1]             
          | 
 Formerly |        86.6         13.4        100.0
          | [73.7,93.7]   [6.3,26.3]             
          | 
 Never ma |        84.3         15.7        100.0
          | [80.7,87.3]  [12.7,19.3]             
          | 
    Total |        88.0         12.0        100.0
          | [86.0,89.8]  [10.2,14.0]             
-------------------------------------------------
Key: Row percentage
     [95% confidence interval for row percentage]

  Pearson:
    Uncorrected   chi2(2)         =   56.9596
    Design-based  F(1.97, 1349.42)=   10.1664     P = 0.0000
1 2 3
(1 missing value generated)
(1 real change made)
(1 missing value generated)
(1 real change made)
(1 missing value generated)
(1 real change made)
(running tabulate on estimation sample)

Number of strata =  12                            Number of obs   =      4,102
Number of PSUs   = 697                            Population size = 4,556.7513
Subpop. no. PSUs = 628                            Subpop. no. obs =      2,133
                                                  Subpop. size    = 2,842.4909
                                                  Design df       =        685

-------------------------------------------------
Education |Received HPV vaccine among aware women
group     |          No          Yes        Total
----------+--------------------------------------
  Primary |        96.6          3.4        100.0
          | [83.8,99.4]   [0.6,16.2]             
          | 
 Lower se |        95.1          4.9        100.0
          | [91.3,97.3]    [2.7,8.7]             
          | 
 Upper se |        86.3         13.7        100.0
          | [83.9,88.4]  [11.6,16.1]             
          | 
    Total |        88.0         12.0        100.0
          | [86.0,89.8]  [10.2,14.0]             
-------------------------------------------------
Key: Row percentage
     [95% confidence interval for row percentage]

  Pearson:
    Uncorrected   chi2(2)         =   48.7759
    Design-based  F(1.89, 1295.87)=    9.4440     P = 0.0001
1 2 3
(0 real changes made)
(0 real changes made)
(0 real changes made)
(running tabulate on estimation sample)

Number of strata =  12                            Number of obs   =      4,102
Number of PSUs   = 697                            Population size = 4,556.7513
Subpop. no. PSUs = 628                            Subpop. no. obs =      2,133
                                                  Subpop. size    = 2,842.4909
                                                  Design df       =        685

-------------------------------------------------
Wealth    |
index     |Received HPV vaccine among aware women
quintiles |          No          Yes        Total
----------+--------------------------------------
 Q1 poore |        97.9          2.1        100.0
          | [95.0,99.1]    [0.9,5.0]             
          | 
       Q2 |        89.7         10.3        100.0
          | [85.0,93.0]   [7.0,15.0]             
          | 
       Q3 |        90.8          9.2        100.0
          | [86.8,93.6]   [6.4,13.2]             
          | 
       Q4 |        87.5         12.5        100.0
          | [83.3,90.8]   [9.2,16.7]             
          | 
 Q5 riche |        80.2         19.8        100.0
          | [74.8,84.7]  [15.3,25.2]             
          | 
    Total |        88.0         12.0        100.0
          | [86.0,89.8]  [10.2,14.0]             
-------------------------------------------------
Key: Row percentage
     [95% confidence interval for row percentage]

  Pearson:
    Uncorrected   chi2(4)         =  103.9557
    Design-based  F(3.79, 2593.69)=    8.7182     P = 0.0000
1 2 3 4 5
(0 real changes made)
(0 real changes made)
(0 real changes made)
(0 real changes made)
(0 real changes made)
(running tabulate on estimation sample)

Number of strata =  12                            Number of obs   =      4,102
Number of PSUs   = 697                            Population size = 4,556.7513
Subpop. no. PSUs = 628                            Subpop. no. obs =      2,133
                                                  Subpop. size    = 2,842.4909
                                                  Design df       =        685

-------------------------------------------------
Any mass  |
media     |Received HPV vaccine among aware women
exposure  |          No          Yes        Total
----------+--------------------------------------
       No |        93.3          6.7        100.0
          | [83.3,97.5]   [2.5,16.7]             
          | 
      Yes |        87.7         12.3        100.0
          | [85.6,89.6]  [10.4,14.4]             
          | 
    Total |        88.0         12.0        100.0
          | [86.0,89.8]  [10.2,14.0]             
-------------------------------------------------
Key: Row percentage
     [95% confidence interval for row percentage]

  Pearson:
    Uncorrected   chi2(1)         =    6.6167
    Design-based  F(1, 685)       =    1.6827     P = 0.1950
0 1
(0 real changes made)
(0 real changes made)
(running tabulate on estimation sample)

Number of strata =  12                            Number of obs   =      4,102
Number of PSUs   = 697                            Population size = 4,556.7513
Subpop. no. PSUs = 628                            Subpop. no. obs =      2,133
                                                  Subpop. size    = 2,842.4909
                                                  Design df       =        685

-------------------------------------------------
Any ICT   |Received HPV vaccine among aware women
exposure  |          No          Yes        Total
----------+--------------------------------------
       No |        88.6         11.4        100.0
          | [50.6,98.3]   [1.7,49.4]             
          | 
      Yes |        88.0         12.0        100.0
          | [85.9,89.8]  [10.2,14.1]             
          | 
    Total |        88.0         12.0        100.0
          | [86.0,89.8]  [10.2,14.0]             
-------------------------------------------------
Key: Row percentage
     [95% confidence interval for row percentage]

  Pearson:
    Uncorrected   chi2(1)         =    0.0088
    Design-based  F(1, 685)       =    0.0025     P = 0.9598
0 1
(0 real changes made)
(0 real changes made)
(running tabulate on estimation sample)

Number of strata =  12                            Number of obs   =      4,033
Number of PSUs   = 695                            Population size = 4,461.2277
Subpop. no. PSUs = 622                            Subpop. no. obs =      2,064
                                                  Subpop. size    = 2,746.9674
                                                  Design df       =        683

-------------------------------------------------
Rejects   |
all       |
wife-beat |
ing       |
justifica |Received HPV vaccine among aware women
tions     |          No          Yes        Total
----------+--------------------------------------
       No |        92.8          7.2        100.0
          | [87.2,96.1]   [3.9,12.8]             
          | 
      Yes |        87.9         12.1        100.0
          | [85.7,89.7]  [10.3,14.3]             
          | 
    Total |        88.2         11.8        100.0
          | [86.2,90.0]  [10.0,13.8]             
-------------------------------------------------
Key: Row percentage
     [95% confidence interval for row percentage]

  Pearson:
    Uncorrected   chi2(1)         =    6.1853
    Design-based  F(1, 683)       =    3.0510     P = 0.0811
0 1
(201 missing values generated)
(201 real changes made)
(201 missing values generated)
(201 real changes made)
(running tabulate on estimation sample)

Number of strata =  12                            Number of obs   =      4,102
Number of PSUs   = 697                            Population size = 4,556.7513
Subpop. no. PSUs = 628                            Subpop. no. obs =      2,133
                                                  Subpop. size    = 2,842.4909
                                                  Design df       =        685

-------------------------------------------------
Ever had  |
sexual    |
intercour |Received HPV vaccine among aware women
se        |          No          Yes        Total
----------+--------------------------------------
       No |        84.0         16.0        100.0
          | [80.3,87.1]  [12.9,19.7]             
          | 
      Yes |        91.5          8.5        100.0
          | [89.4,93.1]   [6.9,10.6]             
          | 
    Total |        88.0         12.0        100.0
          | [86.0,89.8]  [10.2,14.0]             
-------------------------------------------------
Key: Row percentage
     [95% confidence interval for row percentage]

  Pearson:
    Uncorrected   chi2(1)         =   53.7890
    Design-based  F(1, 685)       =   17.6327     P = 0.0000
0 1
(1 missing value generated)
(1 real change made)
(1 missing value generated)
(1 real change made)
      name:  vaccination_aware_biv
       log:  E:\FH5\Thesis HA\Thesis_2026/HPV thesis/Output/tables/table7_vaccination_aware_sensitivity.log
  log type:  text
 closed on:   6 May 2026, 03:35:10
---------------------------------------------------------------------------------------------------------------------------------------------------------------------------------------------------------------------------------------------------------------
