---------------------------------------------------------------------------------------------------------------------------------------------------------------------------------------------------------------------------------------------------------------
      name:  vaccination_biv
       log:  E:\FH5\Thesis HA\Thesis_2026/HPV thesis/Output/tables/table3_vaccination_bivariate.log
  log type:  text
 opened on:   6 May 2026, 03:35:02
(running tabulate on estimation sample)

Number of strata =  12                            Number of obs   =      4,102
Number of PSUs   = 697                            Population size = 4,556.7513
                                                  Design df       =        685

-------------------------------------------------
          |         Received HPV vaccine         
      Age |          No          Yes        Total
----------+--------------------------------------
    15-19 |        94.4          5.6        100.0
          | [92.0,96.1]    [3.9,8.0]             
          | 
    20-24 |        90.0         10.0        100.0
          | [87.2,92.3]   [7.7,12.8]             
          | 
    25-29 |        93.0          7.0        100.0
          | [91.1,94.5]    [5.5,8.9]             
          | 
    Total |        92.5          7.5        100.0
          | [91.2,93.7]    [6.3,8.8]             
-------------------------------------------------
Key: Row percentage
     [95% confidence interval for row percentage]

  Pearson:
    Uncorrected   chi2(2)         =   17.5613
    Design-based  F(1.98, 1353.98)=    4.2393     P = 0.0150
1 2 3
(0 real changes made)
(0 real changes made)
(0 real changes made)
(running tabulate on estimation sample)

Number of strata =  12                            Number of obs   =      4,102
Number of PSUs   = 697                            Population size = 4,556.7513
                                                  Design df       =        685

-------------------------------------------------
          |         Received HPV vaccine         
     Area |          No          Yes        Total
----------+--------------------------------------
    Urban |        88.6         11.4        100.0
          | [85.9,90.9]   [9.1,14.1]             
          | 
    Rural |        94.9          5.1        100.0
          | [93.3,96.1]    [3.9,6.7]             
          | 
    Total |        92.5          7.5        100.0
          | [91.2,93.7]    [6.3,8.8]             
-------------------------------------------------
Key: Row percentage
     [95% confidence interval for row percentage]

  Pearson:
    Uncorrected   chi2(1)         =   53.8777
    Design-based  F(1, 685)       =   20.7879     P = 0.0000
1 2
(0 real changes made)
(0 real changes made)
(running tabulate on estimation sample)

Number of strata =  12                            Number of obs   =      4,102
Number of PSUs   = 697                            Population size = 4,556.7513
                                                  Design df       =        685

-------------------------------------------------
Ethnic    |         Received HPV vaccine         
minority  |          No          Yes        Total
----------+--------------------------------------
       No |        91.5          8.5        100.0
          | [89.9,92.8]   [7.2,10.1]             
          | 
      Yes |        98.4          1.6        100.0
          | [96.6,99.2]    [0.8,3.4]             
          | 
    Total |        92.5          7.5        100.0
          | [91.2,93.7]    [6.3,8.8]             
-------------------------------------------------
Key: Row percentage
     [95% confidence interval for row percentage]

  Pearson:
    Uncorrected   chi2(1)         =   36.1282
    Design-based  F(1, 685)       =   23.9327     P = 0.0000
0 1
(0 real changes made)
(0 real changes made)
(running tabulate on estimation sample)

Number of strata =  12                            Number of obs   =      4,101
Number of PSUs   = 697                            Population size = 4,554.5164
                                                  Design df       =        685

-------------------------------------------------
Health    |         Received HPV vaccine         
insurance |          No          Yes        Total
----------+--------------------------------------
  Insured |        92.0          8.0        100.0
          | [90.5,93.3]    [6.7,9.5]             
          | 
 Uninsure |        96.0          4.0        100.0
          | [93.0,97.7]    [2.3,7.0]             
          | 
    Total |        92.5          7.5        100.0
          | [91.2,93.7]    [6.3,8.8]             
-------------------------------------------------
Key: Row percentage
     [95% confidence interval for row percentage]

  Pearson:
    Uncorrected   chi2(1)         =   11.1390
    Design-based  F(1, 685)       =    5.8360     P = 0.0160
0 1
(1 missing value generated)
(1 real change made)
(1 missing value generated)
(1 real change made)
(running tabulate on estimation sample)

Number of strata =  12                            Number of obs   =      4,101
Number of PSUs   = 697                            Population size = 4,555.9126
                                                  Design df       =        685

-------------------------------------------------
Marital/U |
nion      |
status of |         Received HPV vaccine         
woman     |          No          Yes        Total
----------+--------------------------------------
 Currentl |        94.9          5.1        100.0
          | [93.5,96.1]    [3.9,6.5]             
          | 
 Formerly |        92.7          7.3        100.0
          | [85.0,96.6]   [3.4,15.0]             
          | 
 Never ma |        90.3          9.7        100.0
          | [87.9,92.3]   [7.7,12.1]             
          | 
    Total |        92.5          7.5        100.0
          | [91.2,93.7]    [6.3,8.8]             
-------------------------------------------------
Key: Row percentage
     [95% confidence interval for row percentage]

  Pearson:
    Uncorrected   chi2(2)         =   30.9927
    Design-based  F(1.96, 1345.01)=    8.4314     P = 0.0003
1 2 3
(1 missing value generated)
(1 real change made)
(1 missing value generated)
(1 real change made)
(1 missing value generated)
(1 real change made)
(running tabulate on estimation sample)

Number of strata =  12                            Number of obs   =      4,102
Number of PSUs   = 697                            Population size = 4,556.7513
                                                  Design df       =        685

-------------------------------------------------
Education |         Received HPV vaccine         
group     |          No          Yes        Total
----------+--------------------------------------
  Primary |        99.2          0.8        100.0
          | [96.0,99.9]    [0.1,4.0]             
          | 
 Lower se |        97.6          2.4        100.0
          | [95.7,98.7]    [1.3,4.3]             
          | 
 Upper se |        90.5          9.5        100.0
          | [88.7,92.0]   [8.0,11.3]             
          | 
    Total |        92.5          7.5        100.0
          | [91.2,93.7]    [6.3,8.8]             
-------------------------------------------------
Key: Row percentage
     [95% confidence interval for row percentage]

  Pearson:
    Uncorrected   chi2(2)         =   64.9655
    Design-based  F(1.87, 1283.03)=   19.8531     P = 0.0000
1 2 3
(0 real changes made)
(0 real changes made)
(0 real changes made)
(running tabulate on estimation sample)

Number of strata =  12                            Number of obs   =      4,102
Number of PSUs   = 697                            Population size = 4,556.7513
                                                  Design df       =        685

-------------------------------------------------
Wealth    |
index     |         Received HPV vaccine         
quintiles |          No          Yes        Total
----------+--------------------------------------
 Q1 poore |        99.3          0.7        100.0
          | [98.3,99.7]    [0.3,1.7]             
          | 
       Q2 |        94.0          6.0        100.0
          | [91.1,95.9]    [4.1,8.9]             
          | 
       Q3 |        94.1          5.9        100.0
          | [91.5,95.9]    [4.1,8.5]             
          | 
       Q4 |        90.8          9.2        100.0
          | [87.6,93.3]   [6.7,12.4]             
          | 
 Q5 riche |        83.4         16.6        100.0
          | [78.7,87.3]  [12.7,21.3]             
          | 
    Total |        92.5          7.5        100.0
          | [91.2,93.7]    [6.3,8.8]             
-------------------------------------------------
Key: Row percentage
     [95% confidence interval for row percentage]

  Pearson:
    Uncorrected   chi2(4)         =  147.3970
    Design-based  F(3.78, 2591.54)=   20.0664     P = 0.0000
1 2 3 4 5
(0 real changes made)
(0 real changes made)
(0 real changes made)
(0 real changes made)
(0 real changes made)
(running tabulate on estimation sample)

Number of strata =  12                            Number of obs   =      4,102
Number of PSUs   = 697                            Population size = 4,556.7513
                                                  Design df       =        685

-------------------------------------------------
Any mass  |
media     |         Received HPV vaccine         
exposure  |          No          Yes        Total
----------+--------------------------------------
       No |        97.4          2.6        100.0
          | [93.1,99.0]    [1.0,6.9]             
          | 
      Yes |        92.0          8.0        100.0
          | [90.6,93.3]    [6.7,9.4]             
          | 
    Total |        92.5          7.5        100.0
          | [91.2,93.7]    [6.3,8.8]             
-------------------------------------------------
Key: Row percentage
     [95% confidence interval for row percentage]

  Pearson:
    Uncorrected   chi2(1)         =   14.0701
    Design-based  F(1, 685)       =    5.7663     P = 0.0166
0 1
(0 real changes made)
(0 real changes made)
(running tabulate on estimation sample)

Number of strata =  12                            Number of obs   =      4,102
Number of PSUs   = 697                            Population size = 4,556.7513
                                                  Design df       =        685

-------------------------------------------------
Any ICT   |         Received HPV vaccine         
exposure  |          No          Yes        Total
----------+--------------------------------------
       No |        97.3          2.7        100.0
          | [83.4,99.6]   [0.4,16.6]             
          | 
      Yes |        92.4          7.6        100.0
          | [91.0,93.6]    [6.4,9.0]             
          | 
    Total |        92.5          7.5        100.0
          | [91.2,93.7]    [6.3,8.8]             
-------------------------------------------------
Key: Row percentage
     [95% confidence interval for row percentage]

  Pearson:
    Uncorrected   chi2(1)         =    2.9312
    Design-based  F(1, 685)       =    1.2893     P = 0.2566
0 1
(0 real changes made)
(0 real changes made)
(running tabulate on estimation sample)

Number of strata =  12                             Number of obs   =     3,901
Number of PSUs   = 694                             Population size = 4,345.243
                                                   Design df       =       682

-------------------------------------------------
Rejects   |
all       |
wife-beat |
ing       |
justifica |         Received HPV vaccine         
tions     |          No          Yes        Total
----------+--------------------------------------
       No |        96.8          3.2        100.0
          | [94.1,98.2]    [1.8,5.9]             
          | 
      Yes |        92.1          7.9        100.0
          | [90.6,93.3]    [6.7,9.4]             
          | 
    Total |        92.5          7.5        100.0
          | [91.2,93.7]    [6.3,8.8]             
-------------------------------------------------
Key: Row percentage
     [95% confidence interval for row percentage]

  Pearson:
    Uncorrected   chi2(1)         =   10.8619
    Design-based  F(1, 682)       =    8.9579     P = 0.0029
0 1
(201 missing values generated)
(201 real changes made)
(201 missing values generated)
(201 real changes made)
(running tabulate on estimation sample)

Number of strata =  12                            Number of obs   =      4,101
Number of PSUs   = 697                            Population size = 4,556.6201
                                                  Design df       =        685

-------------------------------------------------
Ever had  |
sexual    |
intercour |         Received HPV vaccine         
se        |          No          Yes        Total
----------+--------------------------------------
       No |        90.2          9.8        100.0
          | [87.7,92.2]   [7.8,12.3]             
          | 
      Yes |        94.6          5.4        100.0
          | [93.2,95.7]    [4.3,6.8]             
          | 
    Total |        92.5          7.5        100.0
          | [91.2,93.7]    [6.3,8.8]             
-------------------------------------------------
Key: Row percentage
     [95% confidence interval for row percentage]

  Pearson:
    Uncorrected   chi2(1)         =   28.0699
    Design-based  F(1, 685)       =   14.0516     P = 0.0002
0 1
(1 missing value generated)
(1 real change made)
(1 missing value generated)
(1 real change made)
      name:  vaccination_biv
       log:  E:\FH5\Thesis HA\Thesis_2026/HPV thesis/Output/tables/table3_vaccination_bivariate.log
  log type:  text
 closed on:   6 May 2026, 03:35:05
---------------------------------------------------------------------------------------------------------------------------------------------------------------------------------------------------------------------------------------------------------------
