---------------------------------------------------------------------------------------------------------------------------------------------------------------------------------------------------------------------------------------------------------------
      name:  gap_biv
       log:  E:\FH5\Thesis HA\Thesis_2026/HPV thesis/Output/tables/table3b_gap_bivariate.log
  log type:  text
 opened on:   6 May 2026, 03:35:05
(running tabulate on estimation sample)

Number of strata =  12                            Number of obs   =      4,102
Number of PSUs   = 697                            Population size = 4,556.7513
Subpop. no. PSUs = 628                            Subpop. no. obs =      2,133
                                                  Subpop. size    = 2,842.4909
                                                  Design df       =        685

-------------------------------------------------
          |       Awareness-vaccination gap      
      Age |    Aware an     Aware bu        Total
----------+--------------------------------------
    15-19 |        11.7         88.3        100.0
          |  [8.3,16.1]  [83.9,91.7]             
          | 
    20-24 |        15.1         84.9        100.0
          | [11.8,19.1]  [80.9,88.2]             
          | 
    25-29 |        10.0         90.0        100.0
          |  [7.9,12.6]  [87.4,92.1]             
          | 
    Total |        12.0         88.0        100.0
          | [10.2,14.0]  [86.0,89.8]             
-------------------------------------------------
Key: Row percentage
     [95% confidence interval for row percentage]

  Pearson:
    Uncorrected   chi2(2)         =   18.6758
    Design-based  F(1.99, 1364.08)=    2.9732     P = 0.0517
1 2 3
(0 real changes made)
(0 real changes made)
(0 real changes made)
(running tabulate on estimation sample)

Number of strata =  12                            Number of obs   =      4,102
Number of PSUs   = 697                            Population size = 4,556.7513
Subpop. no. PSUs = 628                            Subpop. no. obs =      2,133
                                                  Subpop. size    = 2,842.4909
                                                  Design df       =        685

-------------------------------------------------
          |       Awareness-vaccination gap      
     Area |    Aware an     Aware bu        Total
----------+--------------------------------------
    Urban |        15.6         84.4        100.0
          | [12.6,19.1]  [80.9,87.4]             
          | 
    Rural |         9.2         90.8        100.0
          |  [7.1,11.8]  [88.2,92.9]             
          | 
    Total |        12.0         88.0        100.0
          | [10.2,14.0]  [86.0,89.8]             
-------------------------------------------------
Key: Row percentage
     [95% confidence interval for row percentage]

  Pearson:
    Uncorrected   chi2(1)         =   39.0398
    Design-based  F(1, 685)       =    9.8005     P = 0.0018
1 2
(0 real changes made)
(0 real changes made)
(running tabulate on estimation sample)

Number of strata =  12                            Number of obs   =      4,102
Number of PSUs   = 697                            Population size = 4,556.7513
Subpop. no. PSUs = 628                            Subpop. no. obs =      2,133
                                                  Subpop. size    = 2,842.4909
                                                  Design df       =        685

-------------------------------------------------
Ethnic    |       Awareness-vaccination gap      
minority  |    Aware an     Aware bu        Total
----------+--------------------------------------
       No |        12.7         87.3        100.0
          | [10.7,15.0]  [85.0,89.3]             
          | 
      Yes |         4.5         95.5        100.0
          |   [2.1,9.1]  [90.9,97.9]             
          | 
    Total |        12.0         88.0        100.0
          | [10.2,14.0]  [86.0,89.8]             
-------------------------------------------------
Key: Row percentage
     [95% confidence interval for row percentage]

  Pearson:
    Uncorrected   chi2(1)         =   20.9744
    Design-based  F(1, 685)       =    8.6391     P = 0.0034
0 1
(0 real changes made)
(0 real changes made)
(running tabulate on estimation sample)

Number of strata =  12                            Number of obs   =      4,102
Number of PSUs   = 697                            Population size = 4,556.7513
Subpop. no. PSUs = 628                            Subpop. no. obs =      2,133
                                                  Subpop. size    = 2,842.4909
                                                  Design df       =        685

-------------------------------------------------
Health    |       Awareness-vaccination gap      
insurance |    Aware an     Aware bu        Total
----------+--------------------------------------
  Insured |        12.7         87.3        100.0
          | [10.8,15.0]  [85.0,89.2]             
          | 
 Uninsure |         6.9         93.1        100.0
          |  [3.9,11.8]  [88.2,96.1]             
          | 
    Total |        12.0         88.0        100.0
          | [10.2,14.0]  [86.0,89.8]             
-------------------------------------------------
Key: Row percentage
     [95% confidence interval for row percentage]

  Pearson:
    Uncorrected   chi2(1)         =   15.0160
    Design-based  F(1, 685)       =    4.8639     P = 0.0278
0 1
(1 missing value generated)
(1 real change made)
(1 missing value generated)
(1 real change made)
(running tabulate on estimation sample)

Number of strata =  12                            Number of obs   =      4,102
Number of PSUs   = 697                            Population size = 4,556.7513
Subpop. no. PSUs = 628                            Subpop. no. obs =      2,133
                                                  Subpop. size    = 2,842.4909
                                                  Design df       =        685

-------------------------------------------------
Marital/U |
nion      |
status of |       Awareness-vaccination gap      
woman     |    Aware an     Aware bu        Total
----------+--------------------------------------
 Currentl |         8.0         92.0        100.0
          |  [6.2,10.1]  [89.9,93.8]             
          | 
 Formerly |        13.4         86.6        100.0
          |  [6.3,26.3]  [73.7,93.7]             
          | 
 Never ma |        15.7         84.3        100.0
          | [12.7,19.3]  [80.7,87.3]             
          | 
    Total |        12.0         88.0        100.0
          | [10.2,14.0]  [86.0,89.8]             
-------------------------------------------------
Key: Row percentage
     [95% confidence interval for row percentage]

  Pearson:
    Uncorrected   chi2(2)         =   56.9596
    Design-based  F(1.97, 1349.42)=   10.1664     P = 0.0000
1 2 3
(1 missing value generated)
(1 real change made)
(1 missing value generated)
(1 real change made)
(1 missing value generated)
(1 real change made)
(running tabulate on estimation sample)

Number of strata =  12                            Number of obs   =      4,102
Number of PSUs   = 697                            Population size = 4,556.7513
Subpop. no. PSUs = 628                            Subpop. no. obs =      2,133
                                                  Subpop. size    = 2,842.4909
                                                  Design df       =        685

-------------------------------------------------
Education |       Awareness-vaccination gap      
group     |    Aware an     Aware bu        Total
----------+--------------------------------------
  Primary |         3.4         96.6        100.0
          |  [0.6,16.2]  [83.8,99.4]             
          | 
 Lower se |         4.9         95.1        100.0
          |   [2.7,8.7]  [91.3,97.3]             
          | 
 Upper se |        13.7         86.3        100.0
          | [11.6,16.1]  [83.9,88.4]             
          | 
    Total |        12.0         88.0        100.0
          | [10.2,14.0]  [86.0,89.8]             
-------------------------------------------------
Key: Row percentage
     [95% confidence interval for row percentage]

  Pearson:
    Uncorrected   chi2(2)         =   48.7759
    Design-based  F(1.89, 1295.87)=    9.4440     P = 0.0001
1 2 3
(0 real changes made)
(0 real changes made)
(0 real changes made)
(running tabulate on estimation sample)

Number of strata =  12                            Number of obs   =      4,102
Number of PSUs   = 697                            Population size = 4,556.7513
Subpop. no. PSUs = 628                            Subpop. no. obs =      2,133
                                                  Subpop. size    = 2,842.4909
                                                  Design df       =        685

-------------------------------------------------
Wealth    |
index     |       Awareness-vaccination gap      
quintiles |    Aware an     Aware bu        Total
----------+--------------------------------------
 Q1 poore |         2.1         97.9        100.0
          |   [0.9,5.0]  [95.0,99.1]             
          | 
       Q2 |        10.3         89.7        100.0
          |  [7.0,15.0]  [85.0,93.0]             
          | 
       Q3 |         9.2         90.8        100.0
          |  [6.4,13.2]  [86.8,93.6]             
          | 
       Q4 |        12.5         87.5        100.0
          |  [9.2,16.7]  [83.3,90.8]             
          | 
 Q5 riche |        19.8         80.2        100.0
          | [15.3,25.2]  [74.8,84.7]             
          | 
    Total |        12.0         88.0        100.0
          | [10.2,14.0]  [86.0,89.8]             
-------------------------------------------------
Key: Row percentage
     [95% confidence interval for row percentage]

  Pearson:
    Uncorrected   chi2(4)         =  103.9557
    Design-based  F(3.79, 2593.69)=    8.7182     P = 0.0000
1 2 3 4 5
(0 real changes made)
(0 real changes made)
(0 real changes made)
(0 real changes made)
(0 real changes made)
(running tabulate on estimation sample)

Number of strata =  12                            Number of obs   =      4,102
Number of PSUs   = 697                            Population size = 4,556.7513
Subpop. no. PSUs = 628                            Subpop. no. obs =      2,133
                                                  Subpop. size    = 2,842.4909
                                                  Design df       =        685

-------------------------------------------------
Any mass  |
media     |       Awareness-vaccination gap      
exposure  |    Aware an     Aware bu        Total
----------+--------------------------------------
       No |         6.7         93.3        100.0
          |  [2.5,16.7]  [83.3,97.5]             
          | 
      Yes |        12.3         87.7        100.0
          | [10.4,14.4]  [85.6,89.6]             
          | 
    Total |        12.0         88.0        100.0
          | [10.2,14.0]  [86.0,89.8]             
-------------------------------------------------
Key: Row percentage
     [95% confidence interval for row percentage]

  Pearson:
    Uncorrected   chi2(1)         =    6.6167
    Design-based  F(1, 685)       =    1.6827     P = 0.1950
0 1
(0 real changes made)
(0 real changes made)
(running tabulate on estimation sample)

Number of strata =  12                            Number of obs   =      4,102
Number of PSUs   = 697                            Population size = 4,556.7513
Subpop. no. PSUs = 628                            Subpop. no. obs =      2,133
                                                  Subpop. size    = 2,842.4909
                                                  Design df       =        685

-------------------------------------------------
Any ICT   |       Awareness-vaccination gap      
exposure  |    Aware an     Aware bu        Total
----------+--------------------------------------
       No |        11.4         88.6        100.0
          |  [1.7,49.4]  [50.6,98.3]             
          | 
      Yes |        12.0         88.0        100.0
          | [10.2,14.1]  [85.9,89.8]             
          | 
    Total |        12.0         88.0        100.0
          | [10.2,14.0]  [86.0,89.8]             
-------------------------------------------------
Key: Row percentage
     [95% confidence interval for row percentage]

  Pearson:
    Uncorrected   chi2(1)         =    0.0088
    Design-based  F(1, 685)       =    0.0025     P = 0.9598
0 1
(0 real changes made)
(0 real changes made)
(running tabulate on estimation sample)

Number of strata =  12                            Number of obs   =      4,033
Number of PSUs   = 695                            Population size = 4,461.2277
Subpop. no. PSUs = 622                            Subpop. no. obs =      2,064
                                                  Subpop. size    = 2,746.9674
                                                  Design df       =        683

-------------------------------------------------
Rejects   |
all       |
wife-beat |
ing       |
justifica |       Awareness-vaccination gap      
tions     |    Aware an     Aware bu        Total
----------+--------------------------------------
       No |         7.2         92.8        100.0
          |  [3.9,12.8]  [87.2,96.1]             
          | 
      Yes |        12.1         87.9        100.0
          | [10.3,14.3]  [85.7,89.7]             
          | 
    Total |        11.8         88.2        100.0
          | [10.0,13.8]  [86.2,90.0]             
-------------------------------------------------
Key: Row percentage
     [95% confidence interval for row percentage]

  Pearson:
    Uncorrected   chi2(1)         =    6.1853
    Design-based  F(1, 683)       =    3.0510     P = 0.0811
0 1
(201 missing values generated)
(201 real changes made)
(201 missing values generated)
(201 real changes made)
(running tabulate on estimation sample)

Number of strata =  12                            Number of obs   =      4,102
Number of PSUs   = 697                            Population size = 4,556.7513
Subpop. no. PSUs = 628                            Subpop. no. obs =      2,133
                                                  Subpop. size    = 2,842.4909
                                                  Design df       =        685

-------------------------------------------------
Ever had  |
sexual    |
intercour |       Awareness-vaccination gap      
se        |    Aware an     Aware bu        Total
----------+--------------------------------------
       No |        16.0         84.0        100.0
          | [12.9,19.7]  [80.3,87.1]             
          | 
      Yes |         8.5         91.5        100.0
          |  [6.9,10.6]  [89.4,93.1]             
          | 
    Total |        12.0         88.0        100.0
          | [10.2,14.0]  [86.0,89.8]             
-------------------------------------------------
Key: Row percentage
     [95% confidence interval for row percentage]

  Pearson:
    Uncorrected   chi2(1)         =   53.7890
    Design-based  F(1, 685)       =   17.6327     P = 0.0000
0 1
(1 missing value generated)
(1 real change made)
(1 missing value generated)
(1 real change made)
      name:  gap_biv
       log:  E:\FH5\Thesis HA\Thesis_2026/HPV thesis/Output/tables/table3b_gap_bivariate.log
  log type:  text
 closed on:   6 May 2026, 03:35:07
---------------------------------------------------------------------------------------------------------------------------------------------------------------------------------------------------------------------------------------------------------------
